abiword-2.8.scm
abiword.scm
arora.scm
asunder.scm
audacious-gtk2.scm
audacious-gtk3.scm
audacity-1.3.scm
audacity2.scm
avidemux.scm
beaver-gtk1.scm
beaver.scm
bzip2.scm
cdplay.scm
cdrtools.scm
cfdisk.scm
chromium-browser.scm
clamav.scm
conky.scm
dejavu-fonts-ttf.scm
dropbear.scm
easytag.scm
emelfm.scm
emelfm2-gtk3.scm
emelfm2.scm
epdfview.scm
fceux.scm
ffmpeg-static-dev.scm
ffmpeg-static.scm
file.scm
filezilla.scm
findutils.scm
firefox.scm
firefox10.scm
flburn.scm
fluidr3gm-soundfont.scm
freepats.scm
frozen-bubble.scm
galculator.scm
geany.scm
geeqie.scm
gentoo-gtk1.scm
gentoo.scm
getFlash11.scm
gimp-2.6.12-gentoo.scm
gimp2-basic.scm
git.scm
gmplayer.scm
gnome-mplayer.scm
gpredict-1.3-gentoo.scm
gqview1.scm
gqview2.scm
gtk-gnutella-gtk1.scm
gtk-gnutella-gtk2.scm
gtk2.scm
gtk2edit.scm
gtk3-locale.scm
gtk3.scm
gvim.scm
hdparm.scm
homebank.scm
hydrogen-0.9.5-gentoo.scm
icecast.scm
icecat.scm
ImageMagick.scm
l3afpad.scm
lame.scm
leafpad-gentoo.scm
leafpad.scm
libreoffice3.5-es-langpack.scm
libreoffice3.5-fr-langpack.scm
libreoffice3.5-it-langpack.scm
libreoffice3.5-ja-langpack.scm
libreoffice3.5-ka-langpack.scm
libreoffice3.5-pt_BR-langpack.scm
libreoffice3.5-ru-langpack.scm
libreoffice3.5-sv-langpack.scm
libreoffice3.5-uk-langpack.scm
libreoffice3.5-zh_CN-langpack.scm
libreoffice3.5.scm
libreoffice3.6-de-langpack.scm
libreoffice3.6-es-langpack.scm
libreoffice3.6-fr-langpack.scm
libreoffice3.6-it-langpack.scm
libreoffice3.6-ja-langpack.scm
libreoffice3.6-ru-langpack.scm
libreoffice3.6-uk-langpack.scm
libreoffice3.6-zh_cn-langpack.scm
libreoffice3.6.scm
libreoffice4.0-es-langpack.scm
libreoffice4.0-sv-langpack.scm
libreoffice4.0.scm
lilypond.scm
links2.scm
lmms.scm
lshw.scm
lsof.scm
madbomber.scm
mc.scm
mencoder.scm
midori-locale.scm
midori.scm
minefield10.scm
minefield15.scm
minefield16.scm
minefield17.scm
minefield18.scm
minefield8.scm
minefield9.scm
mktemp.scm
mldonkey.scm
mousepad.scm
mpg123.scm
mpg321.scm
mplayer-1.1-gentoo.scm
mplayer.scm
mppenc.scm
mtpaint.scm
mtpaint1.scm
nano-gentoo.scm
nano.scm
normalize.scm
oo2.scm
openssl.scm
opera-11.scm
opera-12.scm
opera9.scm
osmo.scm
p7zip.scm
pcmanfm.scm
perl5.scm
pidgin-minimal.scm
pigz.scm
pysolfc.scm
python-2.7.scm
python-3.2.scm
qmmp.scm
qtfm.scm
rarcrack.scm
ripperx-gtk1.scm
ripperx.scm
rox-filer.scm
rsync.scm
scite.scm
scmqc.scm
screen.scm
seamonkey.scm
sgmixer.scm
smplayer-0.8.3-gentoo.scm
snes9x.scm
sox.scm
spider.scm
stella.scm
stellarium.scm
strace.scm
supertux.scm
tar.scm
tea.scm
testdisk.scm
texlive-fonts.scm
texlive-recommended.scm
thunar.scm
thunderbird.scm
timidity-basic.scm
transmission-gtk3.scm
tuxnes.scm
unison-soundfont.scm
unrar.scm
upx.scm
vim.scm
vlc.scm
vlc1.scm
wget-gentoo.scm
wget.scm
wine.scm
wipe.scm
xampp-linux-1.7.scm
xampp-linux.scm
xarchiver.scm
xboard.scm
xchat2.scm
xfe.scm
xine-xvesa-i486.scm
xine-xvesa-i686.scm
xmms.scm
xpdf.scm
xtrlock.scm
xz.scm
xzgv.scm
zathura.scm
zip-unzip.scm
zsync.scm
zziplib.scm
